2026-01-01 13:35:11,236 - INFO - sqlserver_db_connect - sqlserver 连接成功, DRIVER={SQL Server};SERVER=127.0.0.1,1433;DATABASE=master;UID=sa;PWD=123456;Connect Timeout=5;
2026-01-01 22:51:51,022 - INFO - orcale_db_connect - 获取数据失败:: ORA-00936: missing expression
2026-01-01 22:52:31,435 - INFO - orcale_db_connect - 获取数据失败:: ORA-00942: table or view does not exist
2026-01-01 22:53:14,523 - INFO - orcale_db_connect - 获取数据失败:: ORA-00942: table or view does not exist
2026-01-01 22:54:35,068 - INFO - orcale_db_connect - 获取数据失败:: ORA-00903: invalid table name
2026-01-01 22:55:33,967 - INFO - orcale_db_connect - 获取数据失败:: ORA-00942: table or view does not exist
2026-01-01 22:56:10,963 - INFO - orcale_db_connect - 获取数据失败:: ORA-00942: table or view does not exist
2026-01-01 22:59:10,234 - INFO - orcale_db_connect - 获取数据失败:: ORA-00942: table or view does not exist
2026-01-01 23:00:15,626 - INFO - orcale_db_connect - 获取数据失败:: ORA-00942: table or view does not exist
2026-01-01 23:02:25,318 - INFO - orcale_db_connect - 获取数据失败:: ORA-00942: table or view does not exist
2026-01-01 23:03:07,572 - INFO - orcale_db_connect - 获取数据失败:: ORA-00942: table or view does not exist
2026-01-01 23:08:16,263 - INFO - orcale_db_connect - 获取数据失败:: ORA-00942: table or view does not exist
2026-01-02 14:20:43,494 - INFO - utils - Note: NumExpr detected 12 cores but "NUMEXPR_MAX_THREADS" not set, so enforcing safe limit of 8.
2026-01-02 14:20:43,494 - INFO - utils - NumExpr defaulting to 8 threads.
2026-01-02 14:20:44,923 - INFO - orcale_db_connect - 文件已保存至: 住院数据导出.xlsx
2026-01-02 14:28:56,512 - INFO - utils - Note: NumExpr detected 12 cores but "NUMEXPR_MAX_THREADS" not set, so enforcing safe limit of 8.
2026-01-02 14:28:56,512 - INFO - utils - NumExpr defaulting to 8 threads.
2026-01-02 14:29:22,084 - INFO - utils - Note: NumExpr detected 12 cores but "NUMEXPR_MAX_THREADS" not set, so enforcing safe limit of 8.
2026-01-02 14:29:22,084 - INFO - utils - NumExpr defaulting to 8 threads.
2026-01-02 14:30:56,430 - INFO - utils - Note: NumExpr detected 12 cores but "NUMEXPR_MAX_THREADS" not set, so enforcing safe limit of 8.
2026-01-02 14:30:56,430 - INFO - utils - NumExpr defaulting to 8 threads.
2026-01-02 14:30:57,402 - INFO - orcale_db_connect - 文件已保存至: 住院数据导出.xlsx
2026-01-02 14:31:22,541 - INFO - utils - Note: NumExpr detected 12 cores but "NUMEXPR_MAX_THREADS" not set, so enforcing safe limit of 8.
2026-01-02 14:31:22,541 - INFO - utils - NumExpr defaulting to 8 threads.
2026-01-02 14:31:42,305 - INFO - utils - Note: NumExpr detected 12 cores but "NUMEXPR_MAX_THREADS" not set, so enforcing safe limit of 8.
2026-01-02 14:31:42,305 - INFO - utils - NumExpr defaulting to 8 threads.
2026-01-02 14:32:06,449 - INFO - utils - Note: NumExpr detected 12 cores but "NUMEXPR_MAX_THREADS" not set, so enforcing safe limit of 8.
2026-01-02 14:32:06,449 - INFO - utils - NumExpr defaulting to 8 threads.
2026-01-02 14:33:00,240 - INFO - utils - Note: NumExpr detected 12 cores but "NUMEXPR_MAX_THREADS" not set, so enforcing safe limit of 8.
2026-01-02 14:33:00,240 - INFO - utils - NumExpr defaulting to 8 threads.
2026-01-02 14:33:49,151 - INFO - utils - Note: NumExpr detected 12 cores but "NUMEXPR_MAX_THREADS" not set, so enforcing safe limit of 8.
2026-01-02 14:33:49,151 - INFO - utils - NumExpr defaulting to 8 threads.
2026-01-02 14:34:20,620 - INFO - utils - Note: NumExpr detected 12 cores but "NUMEXPR_MAX_THREADS" not set, so enforcing safe limit of 8.
2026-01-02 14:34:20,620 - INFO - utils - NumExpr defaulting to 8 threads.
2026-01-02 14:35:08,687 - INFO - utils - Note: NumExpr detected 12 cores but "NUMEXPR_MAX_THREADS" not set, so enforcing safe limit of 8.
2026-01-02 14:35:08,687 - INFO - utils - NumExpr defaulting to 8 threads.
2026-01-02 14:35:09,634 - INFO - orcale_db_connect - 文件已保存至: G:\pythonProject\hisToyy\export_data\123-123住院数据导出2026-01-02 14_35_09.xlsx
2026-01-02 14:48:56,093 - INFO - test - 开始his导出: 2026-01-02 00:00:00, 2026-01-02 23:59:59
2026-01-02 14:50:40,366 - INFO - test - 开始his导出: 2026-01-02 00:00:00, 2026-01-02 23:59:59
2026-01-02 14:51:21,904 - INFO - test - 开始his导出: 2026-01-02 00:00:00, 2026-01-02 23:59:59
2026-01-02 14:53:35,611 - INFO - test - 开始his导出: 2026-01-02 00:00:00, 2026-01-02 23:59:59
2026-01-02 14:54:00,750 - INFO - utils - Note: NumExpr detected 12 cores but "NUMEXPR_MAX_THREADS" not set, so enforcing safe limit of 8.
2026-01-02 14:54:00,750 - INFO - utils - NumExpr defaulting to 8 threads.
2026-01-02 14:54:01,737 - INFO - orcale_db_connect - 文件已保存至: G:\pythonProject\hisToyy\export_data\123-123住院数据导出2026-01-02 14_54_01.xlsx
2026-01-02 14:57:34,060 - INFO - utils - Note: NumExpr detected 12 cores but "NUMEXPR_MAX_THREADS" not set, so enforcing safe limit of 8.
2026-01-02 14:57:34,061 - INFO - utils - NumExpr defaulting to 8 threads.
2026-01-02 14:57:35,083 - INFO - orcale_db_connect - 文件已保存至: G:\pythonProject\hisToyy\export_data\123-123住院数据导出2026-01-02 14_57_34.xlsx
2026-01-02 14:57:59,001 - INFO - test - 开始his导出: 2026-01-02 00:00:00, 2026-01-02 23:59:59
2026-01-02 14:59:38,868 - INFO - test - 开始his导出: 2026-01-02 00:00:00, 2026-01-02 23:59:59
2026-01-02 14:59:39,473 - INFO - orcale_db_connect - 文件已保存至: G:\pythonProject\hisToyy\export_data\2026-01-02 00_00_00-2026-01-02 23_59_59住院数据导出2026-01-02 14_59_39.xlsx
2026-01-02 14:59:39,595 - INFO - test - 导出地址：G:\pythonProject\hisToyy\export_data\2026-01-02 00_00_00-2026-01-02 23_59_59住院数据导出2026-01-02 14_59_39.xlsx
2026-01-02 15:22:42,818 - INFO - test - 开始his导出: 2026-01-02 00:00:00, 2026-01-02 23:59:59
2026-01-02 15:26:56,736 - INFO - test - 开始his导出: 2026-01-02 00:00:00, 2026-01-02 23:59:59
2026-01-02 15:27:29,259 - INFO - test - 开始his导出: 2026-01-02 00:00:00, 2026-01-02 23:59:59
2026-01-02 15:27:29,767 - INFO - orcale_db_connect - 文件已保存至: G:\pythonProject\hisToyy\export_data\2026-01-02 00_00_00-2026-01-02 23_59_59住院数据导出2026-01-02 15_27_29.xlsx, 已成功导出 1 条数据！
2026-01-02 15:27:29,867 - INFO - test - 导出地址：G:\pythonProject\hisToyy\export_data\2026-01-02 00_00_00-2026-01-02 23_59_59住院数据导出2026-01-02 15_27_29.xlsx, 1
2026-01-02 15:31:26,027 - INFO - test - 开始his导出: 2026-01-02 00:00:00, 2026-01-02 23:59:59
2026-01-02 15:31:26,495 - INFO - orcale_db_connect - 文件已保存至: G:\pythonProject\hisToyy\export_data\2026-01-02 00_00_00-2026-01-02 23_59_59住院数据导出2026-01-02 15_31_26.xlsx, 已成功导出 1 条数据！
2026-01-02 15:31:26,584 - INFO - test - 导出地址：G:\pythonProject\hisToyy\export_data\2026-01-02 00_00_00-2026-01-02 23_59_59住院数据导出2026-01-02 15_31_26.xlsx, 1
2026-01-02 15:58:18,935 - INFO - test - start_yy_import用户点击了‘否’
2026-01-05 21:54:22,551 - INFO - test - 开始his导出: 2026-01-05 00:00:00, 2026-01-05 23:59:59
2026-01-05 21:55:37,010 - INFO - test - 开始his导出: 2026-01-05 00:00:00, 2026-01-05 23:59:59
2026-01-05 21:55:37,043 - INFO - scroll_window - SQLite 查询错误: 'SqlInfiniteTableWidget' object has no attribute 'STATUS_COLOR'
2026-01-05 21:55:37,818 - INFO - orcale_db_connect - 文件已保存至: G:\pythonProject\hisToyy\export_data\2026-01-05 00_00_00-2026-01-05 23_59_59住院数据导出2026-01-05 21_55_37.xlsx, 已成功导出 1 条数据！
2026-01-05 21:55:37,957 - INFO - test - 导出地址：G:\pythonProject\hisToyy\export_data\2026-01-05 00_00_00-2026-01-05 23_59_59住院数据导出2026-01-05 21_55_37.xlsx, 1
2026-01-05 21:55:43,209 - INFO - test - start_his_export用户点击了‘否’
2026-01-05 21:56:07,781 - INFO - scroll_window - SQLite 查询错误: 'SqlInfiniteTableWidget' object has no attribute 'STATUS_COLOR'
2026-01-05 21:56:46,814 - INFO - scroll_window - SQLite 查询错误: index 7 has type 'QPushButton' but 'QStandardItem' is expected
2026-01-05 22:02:44,665 - INFO - test - 开始his导出: 2026-01-05 00:00:00, 2026-01-05 23:59:59
2026-01-05 22:02:45,211 - INFO - orcale_db_connect - 文件已保存至: G:\pythonProject\hisToyy\export_data\2026-01-05 00_00_00-2026-01-05 23_59_59住院数据导出2026-01-05 22_02_45.xlsx, 已成功导出 1 条数据！
2026-01-05 22:02:45,320 - INFO - test - 导出地址：G:\pythonProject\hisToyy\export_data\2026-01-05 00_00_00-2026-01-05 23_59_59住院数据导出2026-01-05 22_02_45.xlsx, 1
2026-01-05 22:02:46,784 - INFO - test - start_his_export用户点击了‘否’
2026-01-05 22:02:50,914 - INFO - test - 开始his导出: 2026-01-05 00:00:00, 2026-01-05 23:59:59
2026-01-05 22:02:51,315 - INFO - orcale_db_connect - 文件已保存至: G:\pythonProject\hisToyy\export_data\2026-01-05 00_00_00-2026-01-05 23_59_59住院数据导出2026-01-05 22_02_51.xlsx, 已成功导出 1 条数据！
2026-01-05 22:02:51,420 - INFO - test - 导出地址：G:\pythonProject\hisToyy\export_data\2026-01-05 00_00_00-2026-01-05 23_59_59住院数据导出2026-01-05 22_02_51.xlsx, 1
2026-01-05 22:02:52,387 - INFO - test - start_his_export用户点击了‘否’
2026-01-05 22:02:53,741 - INFO - test - 开始his导出: 2026-01-05 00:00:00, 2026-01-05 23:59:59
2026-01-05 22:02:54,138 - INFO - orcale_db_connect - 文件已保存至: G:\pythonProject\hisToyy\export_data\2026-01-05 00_00_00-2026-01-05 23_59_59住院数据导出2026-01-05 22_02_54.xlsx, 已成功导出 1 条数据！
2026-01-05 22:02:54,244 - INFO - test - 导出地址：G:\pythonProject\hisToyy\export_data\2026-01-05 00_00_00-2026-01-05 23_59_59住院数据导出2026-01-05 22_02_54.xlsx, 1
2026-01-05 22:02:54,979 - INFO - test - start_his_export用户点击了‘否’
2026-01-05 22:02:55,823 - INFO - test - 开始his导出: 2026-01-05 00:00:00, 2026-01-05 23:59:59
2026-01-05 22:02:56,175 - INFO - orcale_db_connect - 文件已保存至: G:\pythonProject\hisToyy\export_data\2026-01-05 00_00_00-2026-01-05 23_59_59住院数据导出2026-01-05 22_02_56.xlsx, 已成功导出 1 条数据！
2026-01-05 22:02:56,265 - INFO - test - 导出地址：G:\pythonProject\hisToyy\export_data\2026-01-05 00_00_00-2026-01-05 23_59_59住院数据导出2026-01-05 22_02_56.xlsx, 1
2026-01-05 22:02:57,045 - INFO - test - start_his_export用户点击了‘否’
2026-01-05 22:02:58,022 - INFO - test - 开始his导出: 2026-01-05 00:00:00, 2026-01-05 23:59:59
2026-01-05 22:02:58,491 - INFO - orcale_db_connect - 文件已保存至: G:\pythonProject\hisToyy\export_data\2026-01-05 00_00_00-2026-01-05 23_59_59住院数据导出2026-01-05 22_02_58.xlsx, 已成功导出 1 条数据！
2026-01-05 22:02:58,615 - INFO - test - 导出地址：G:\pythonProject\hisToyy\export_data\2026-01-05 00_00_00-2026-01-05 23_59_59住院数据导出2026-01-05 22_02_58.xlsx, 1
2026-01-05 22:02:59,467 - INFO - test - start_his_export用户点击了‘否’
2026-01-05 22:03:00,484 - INFO - test - 开始his导出: 2026-01-05 00:00:00, 2026-01-05 23:59:59
2026-01-05 22:03:00,883 - INFO - orcale_db_connect - 文件已保存至: G:\pythonProject\hisToyy\export_data\2026-01-05 00_00_00-2026-01-05 23_59_59住院数据导出2026-01-05 22_03_00.xlsx, 已成功导出 1 条数据！
2026-01-05 22:03:00,987 - INFO - test - 导出地址：G:\pythonProject\hisToyy\export_data\2026-01-05 00_00_00-2026-01-05 23_59_59住院数据导出2026-01-05 22_03_00.xlsx, 1
2026-01-05 22:03:01,647 - INFO - test - start_his_export用户点击了‘否’
2026-01-05 22:20:13,531 - INFO - scroll_window - sql：SELECT * FROM sys_export_record  ORDER BY id DESC LIMIT 10 OFFSET 0，list：[{'id': 7, 'start_time': '2026-01-05 00:00:00', 'end_time': '2026-01-05 23:59:59', 'create_time': '2026-01-05 22:03:00', 'export_time': None, 'data_type': None, 'export_num': None, 'export_file_name': None, 'export_file_path': None, 'import_yy_start': None, 'import_yy_num': None, 'status': 1}, {'id': 6, 'start_time': '2026-01-05 00:00:00', 'end_time': '2026-01-05 23:59:59', 'create_time': '2026-01-05 22:02:58', 'export_time': None, 'data_type': None, 'export_num': None, 'export_file_name': None, 'export_file_path': None, 'import_yy_start': None, 'import_yy_num': None, 'status': 1}, {'id': 5, 'start_time': '2026-01-05 00:00:00', 'end_time': '2026-01-05 23:59:59', 'create_time': '2026-01-05 22:02:55', 'export_time': None, 'data_type': None, 'export_num': None, 'export_file_name': None, 'export_file_path': None, 'import_yy_start': None, 'import_yy_num': None, 'status': 1}, {'id': 4, 'start_time': '2026-01-05 00:00:00', 'end_time': '2026-01-05 23:59:59', 'create_time': '2026-01-05 22:02:53', 'export_time': None, 'data_type': None, 'export_num': None, 'export_file_name': None, 'export_file_path': None, 'import_yy_start': None, 'import_yy_num': None, 'status': 1}, {'id': 3, 'start_time': '2026-01-05 00:00:00', 'end_time': '2026-01-05 23:59:59', 'create_time': '2026-01-05 22:02:50', 'export_time': None, 'data_type': None, 'export_num': None, 'export_file_name': None, 'export_file_path': None, 'import_yy_start': None, 'import_yy_num': None, 'status': 1}, {'id': 2, 'start_time': '2026-01-05 00:00:00', 'end_time': '2026-01-05 23:59:59', 'create_time': '2026-01-05 22:02:44', 'export_time': None, 'data_type': None, 'export_num': None, 'export_file_name': None, 'export_file_path': None, 'import_yy_start': None, 'import_yy_num': None, 'status': 1}, {'id': 1, 'start_time': '2026-01-05 00:00:00', 'end_time': '2026-01-05 23:59:59', 'create_time': '2026-01-05 21:55:37', 'export_time': None, 'data_type': None, 'export_num': None, 'export_file_name': None, 'export_file_path': None, 'import_yy_start': None, 'import_yy_num': None, 'status': 1}]
2026-01-05 22:20:51,371 - INFO - scroll_window - sql：SELECT * FROM sys_export_record  ORDER BY id DESC LIMIT 10 OFFSET 0，list：[{'id': 7, 'start_time': '2026-01-05 00:00:00', 'end_time': '2026-01-05 23:59:59', 'create_time': '2026-01-05 22:03:00', 'export_time': None, 'data_type': None, 'export_num': None, 'export_file_name': None, 'export_file_path': None, 'import_yy_start': None, 'import_yy_num': None, 'status': 1}, {'id': 6, 'start_time': '2026-01-05 00:00:00', 'end_time': '2026-01-05 23:59:59', 'create_time': '2026-01-05 22:02:58', 'export_time': None, 'data_type': None, 'export_num': None, 'export_file_name': None, 'export_file_path': None, 'import_yy_start': None, 'import_yy_num': None, 'status': 1}, {'id': 5, 'start_time': '2026-01-05 00:00:00', 'end_time': '2026-01-05 23:59:59', 'create_time': '2026-01-05 22:02:55', 'export_time': None, 'data_type': None, 'export_num': None, 'export_file_name': None, 'export_file_path': None, 'import_yy_start': None, 'import_yy_num': None, 'status': 1}, {'id': 4, 'start_time': '2026-01-05 00:00:00', 'end_time': '2026-01-05 23:59:59', 'create_time': '2026-01-05 22:02:53', 'export_time': None, 'data_type': None, 'export_num': None, 'export_file_name': None, 'export_file_path': None, 'import_yy_start': None, 'import_yy_num': None, 'status': 1}, {'id': 3, 'start_time': '2026-01-05 00:00:00', 'end_time': '2026-01-05 23:59:59', 'create_time': '2026-01-05 22:02:50', 'export_time': None, 'data_type': None, 'export_num': None, 'export_file_name': None, 'export_file_path': None, 'import_yy_start': None, 'import_yy_num': None, 'status': 1}, {'id': 2, 'start_time': '2026-01-05 00:00:00', 'end_time': '2026-01-05 23:59:59', 'create_time': '2026-01-05 22:02:44', 'export_time': None, 'data_type': None, 'export_num': None, 'export_file_name': None, 'export_file_path': None, 'import_yy_start': None, 'import_yy_num': None, 'status': 1}, {'id': 1, 'start_time': '2026-01-05 00:00:00', 'end_time': '2026-01-05 23:59:59', 'create_time': '2026-01-05 21:55:37', 'export_time': None, 'data_type': None, 'export_num': None, 'export_file_name': None, 'export_file_path': None, 'import_yy_start': None, 'import_yy_num': None, 'status': 1}]
2026-01-05 22:21:41,316 - INFO - scroll_window - sql：SELECT * FROM sys_export_record  ORDER BY id DESC LIMIT 10 OFFSET 0，list：7
2026-01-05 22:25:58,969 - INFO - scroll_window - sql：SELECT * FROM sys_export_record  ORDER BY id DESC LIMIT 10 OFFSET 0，list：7
2026-01-05 22:27:03,037 - INFO - scroll_window - sql：SELECT * FROM sys_export_record  ORDER BY id DESC LIMIT 10 OFFSET 0，list：7
2026-01-05 22:27:19,477 - INFO - scroll_window - sql：SELECT * FROM sys_export_record  ORDER BY id DESC LIMIT 10 OFFSET 0，list：7
2026-01-06 10:24:27,206 - INFO - scroll_window - sql：SELECT * FROM sys_export_record  ORDER BY id DESC LIMIT 10 OFFSET 0，list：7
2026-01-06 10:26:46,656 - INFO - test - 开始his导出: 2026-01-06 00:00:00, 2026-01-06 23:59:59
2026-01-06 10:26:51,207 - INFO - orcale_db_connect - 文件已保存至: D:\project\hisToyy\export_data\2026-01-06 00_00_00-2026-01-06 23_59_59住院数据导出2026-01-06 10_26_51.xlsx, 已成功导出 1 条数据！
2026-01-06 10:26:51,328 - INFO - test - 导出地址：D:\project\hisToyy\export_data\2026-01-06 00_00_00-2026-01-06 23_59_59住院数据导出2026-01-06 10_26_51.xlsx, 1
2026-01-06 10:26:55,209 - INFO - test - start_his_export用户点击了‘否’
2026-01-06 10:27:11,830 - INFO - scroll_window - sql：SELECT * FROM sys_export_record  ORDER BY id DESC LIMIT 10 OFFSET 0，list：8
2026-01-06 10:29:16,970 - INFO - test - 开始his导出: 2026-01-06 00:00:00, 2026-01-06 23:59:59
2026-01-06 10:29:17,611 - INFO - orcale_db_connect - 文件已保存至: D:\project\hisToyy\export_data\2026-01-06 00_00_00-2026-01-06 23_59_59住院数据导出2026-01-06 10_29_17.xlsx, 已成功导出 1 条数据！
2026-01-06 10:29:17,750 - INFO - test - 导出地址：D:\project\hisToyy\export_data\2026-01-06 00_00_00-2026-01-06 23_59_59住院数据导出2026-01-06 10_29_17.xlsx, 1
2026-01-06 10:29:19,017 - INFO - test - start_his_export用户点击了‘否’
2026-01-06 10:31:36,852 - INFO - test - 开始his导出: 2026-01-06 00:00:00, 2026-01-06 23:59:59
2026-01-06 10:31:37,298 - INFO - orcale_db_connect - 文件已保存至: D:\project\hisToyy\export_data\2026-01-06 00_00_00-2026-01-06 23_59_59住院数据导出2026-01-06 10_31_37.xlsx, 已成功导出 1 条数据！
2026-01-06 10:31:37,396 - INFO - test - 导出地址：D:\project\hisToyy\export_data\2026-01-06 00_00_00-2026-01-06 23_59_59住院数据导出2026-01-06 10_31_37.xlsx, 1
2026-01-06 10:31:38,368 - INFO - test - start_his_export用户点击了‘否’
2026-01-06 11:30:05,317 - INFO - scroll_window - sql：SELECT * FROM sys_export_record  ORDER BY id DESC LIMIT 10 OFFSET 0，list：10
2026-01-06 11:30:09,615 - INFO - scroll_window - sql：SELECT * FROM sys_export_record  ORDER BY id DESC LIMIT 10 OFFSET 10，list：0
2026-01-06 11:30:13,102 - INFO - test - 开始his导出: 2026-01-06 00:00:00, 2026-01-06 23:59:59
2026-01-06 11:30:13,147 - INFO - scroll_window - sql：SELECT * FROM sys_export_record  ORDER BY id DESC LIMIT 10 OFFSET 0，list：10
2026-01-06 11:30:13,622 - INFO - orcale_db_connect - 文件已保存至: D:\project\hisToyy\export_data\2026-01-06 00_00_00-2026-01-06 23_59_59住院数据导出2026-01-06 11_30_13.xlsx, 已成功导出 1 条数据！
2026-01-06 11:30:13,743 - INFO - test - 导出地址：D:\project\hisToyy\export_data\2026-01-06 00_00_00-2026-01-06 23_59_59住院数据导出2026-01-06 11_30_13.xlsx, 1
2026-01-06 11:30:15,324 - INFO - test - start_his_export用户点击了‘否’
2026-01-06 11:30:20,315 - INFO - scroll_window - sql：SELECT * FROM sys_export_record  ORDER BY id DESC LIMIT 10 OFFSET 10，list：1
2026-01-06 11:49:38,504 - INFO - scroll_window - sql：SELECT * FROM sys_export_record  ORDER BY id DESC LIMIT 10 OFFSET 0，list：10
2026-01-06 11:49:45,107 - INFO - test - 开始his导出: 2026-01-06 00:00:00, 2026-01-06 23:59:59
2026-01-06 11:49:45,159 - INFO - scroll_window - sql：SELECT * FROM sys_export_record  ORDER BY id DESC LIMIT 10 OFFSET 0，list：10
2026-01-06 11:49:45,833 - INFO - orcale_db_connect - 文件已保存至: D:\project\hisToyy\export_data\2026-01-06 00_00_00-2026-01-06 23_59_59住院数据导出2026-01-06 11_49_45.xlsx, 已成功导出 1 条数据！
2026-01-06 11:49:46,006 - INFO - test - 导出地址：D:\project\hisToyy\export_data\2026-01-06 00_00_00-2026-01-06 23_59_59住院数据导出2026-01-06 11_49_45.xlsx, 1
2026-01-06 11:49:47,817 - INFO - test - start_his_export用户点击了‘否’
2026-01-06 11:49:49,327 - INFO - scroll_window - sql：SELECT * FROM sys_export_record  ORDER BY id DESC LIMIT 10 OFFSET 10，list：2
2026-01-06 13:44:46,760 - INFO - scroll_window - sql：SELECT * FROM sys_export_record  ORDER BY id DESC LIMIT 10 OFFSET 0，list：10
2026-01-06 13:47:54,639 - INFO - scroll_window - sql：SELECT * FROM sys_export_record  ORDER BY id DESC LIMIT 10 OFFSET 10，list：2
2026-01-08 20:22:51,992 - INFO - scroll_window - sql：SELECT * FROM sys_export_record  ORDER BY id DESC LIMIT 10 OFFSET 0，list：10
2026-01-08 20:27:30,300 - INFO - scroll_window - sql：SELECT * FROM sys_export_record  ORDER BY id DESC LIMIT 10 OFFSET 0，list：10
2026-01-08 20:27:38,444 - ERROR - path_util - 打开文件失败: [WinError 2] 系统找不到指定的文件。: 'D:\\project\\hisToyy\\export_data\\2026-01-06 00_00_00-2026-01-06 23_59_59住院数据导出2026-01-06 11_49_45.xlsx'
2026-01-08 20:34:39,132 - INFO - scroll_window - sql：SELECT * FROM sys_export_record  ORDER BY id DESC LIMIT 10 OFFSET 0，list：10
2026-01-08 20:35:40,446 - INFO - scroll_window - sql：SELECT * FROM sys_export_record  ORDER BY id DESC LIMIT 10 OFFSET 0，list：10
2026-01-08 20:35:44,551 - ERROR - test - None
2026-01-08 20:38:20,240 - INFO - scroll_window - sql：SELECT * FROM sys_export_record  ORDER BY id DESC LIMIT 10 OFFSET 0，list：10
2026-01-08 20:38:41,309 - ERROR - test - {'id': 12, 'start_time': '2026-01-06 00:00:00', 'end_time': '2026-01-06 23:59:59', 'create_time': '2026-01-06 11:49:45', 'export_time': '2026-01-06 11:49:46', 'data_type': None, 'export_num': '1', 'export_file_name': '2026-01-06 00_00_00-2026-01-06 23_59_59住院数据导出2026-01-06 11_49_45.xlsx', 'export_file_path': 'D:\\project\\hisToyy\\export_data\\2026-01-06 00_00_00-2026-01-06 23_59_59住院数据导出2026-01-06 11_49_45.xlsx', 'import_yy_start': None, 'import_yy_num': None, 'status': 2}
2026-01-08 20:39:01,264 - INFO - test - 开始用友导入: {'id': 12, 'start_time': '2026-01-06 00:00:00', 'end_time': '2026-01-06 23:59:59', 'create_time': '2026-01-06 11:49:45', 'export_time': '2026-01-06 11:49:46', 'data_type': None, 'export_num': '1', 'export_file_name': '2026-01-06 00_00_00-2026-01-06 23_59_59住院数据导出2026-01-06 11_49_45.xlsx', 'export_file_path': 'D:\\project\\hisToyy\\export_data\\2026-01-06 00_00_00-2026-01-06 23_59_59住院数据导出2026-01-06 11_49_45.xlsx', 'import_yy_start': None, 'import_yy_num': None, 'status': 2}
2026-01-08 20:39:01,277 - INFO - test - 导入失败，刷新列表
2026-01-08 20:40:44,728 - INFO - scroll_window - sql：SELECT * FROM sys_export_record  ORDER BY id DESC LIMIT 10 OFFSET 0，list：10
2026-01-08 20:40:48,018 - INFO - test - 开始用友导入: {'id': 12, 'start_time': '2026-01-06 00:00:00', 'end_time': '2026-01-06 23:59:59', 'create_time': '2026-01-06 11:49:45', 'export_time': '2026-01-06 11:49:46', 'data_type': None, 'export_num': '1', 'export_file_name': '2026-01-06 00_00_00-2026-01-06 23_59_59住院数据导出2026-01-06 11_49_45.xlsx', 'export_file_path': 'D:\\project\\hisToyy\\export_data\\2026-01-06 00_00_00-2026-01-06 23_59_59住院数据导出2026-01-06 11_49_45.xlsx', 'import_yy_start': None, 'import_yy_num': None, 'status': 2}
2026-01-08 20:41:06,722 - INFO - sqlserver_db_connect - sqlserver 导出失败: ('08001', '[08001] [Microsoft][ODBC SQL Server Driver][DBNETLIB]SQL Server 不存在或访问被拒绝 (17) (SQLDriverConnect); [08001] [Microsoft][ODBC SQL Server Driver][DBNETLIB]ConnectionOpen (Connect()). (53); [08001] [Microsoft][ODBC SQL Server Driver]无效的连接字符串属性 (0)'), DRIVER={SQL Server};SERVER=None,1433;DATABASE=None;UID=sa;PWD=123456;Connect Timeout=5;
2026-01-08 20:41:06,723 - INFO - test - 导入失败，刷新列表
2026-01-08 20:42:14,342 - INFO - utils - Note: NumExpr detected 12 cores but "NUMEXPR_MAX_THREADS" not set, so enforcing safe limit of 8.
2026-01-08 20:42:14,342 - INFO - utils - NumExpr defaulting to 8 threads.
2026-01-08 20:42:14,645 - INFO - sqlserver_db_connect - sqlserver 连接成功, DRIVER={SQL Server};SERVER=127.0.0.1,1433;DATABASE=master;UID=sa;PWD=123456;Connect Timeout=5;
2026-01-08 20:42:24,943 - INFO - scroll_window - sql：SELECT * FROM sys_export_record  ORDER BY id DESC LIMIT 10 OFFSET 0，list：10
2026-01-08 20:42:49,292 - INFO - sqlserver_db_connect - sqlserver 连接成功, DRIVER={SQL Server};SERVER=127.0.0.1,1433;DATABASE=master;UID=sa;PWD=123456;Connect Timeout=5;
2026-01-08 20:43:18,623 - INFO - utils - Note: NumExpr detected 12 cores but "NUMEXPR_MAX_THREADS" not set, so enforcing safe limit of 8.
2026-01-08 20:43:18,623 - INFO - utils - NumExpr defaulting to 8 threads.
2026-01-08 20:43:18,911 - INFO - sqlserver_db_connect - sqlserver 连接成功, DRIVER={SQL Server};SERVER=127.0.0.1,1433;DATABASE=master;UID=sa;PWD=123456;Connect Timeout=5;
2026-01-08 20:43:25,016 - INFO - scroll_window - sql：SELECT * FROM sys_export_record  ORDER BY id DESC LIMIT 10 OFFSET 0，list：10
2026-01-08 20:43:29,829 - INFO - test - 开始用友导入: {'id': 12, 'start_time': '2026-01-06 00:00:00', 'end_time': '2026-01-06 23:59:59', 'create_time': '2026-01-06 11:49:45', 'export_time': '2026-01-06 11:49:46', 'data_type': None, 'export_num': '1', 'export_file_name': '2026-01-06 00_00_00-2026-01-06 23_59_59住院数据导出2026-01-06 11_49_45.xlsx', 'export_file_path': 'D:\\project\\hisToyy\\export_data\\2026-01-06 00_00_00-2026-01-06 23_59_59住院数据导出2026-01-06 11_49_45.xlsx', 'import_yy_start': None, 'import_yy_num': None, 'status': 2}
2026-01-08 20:43:29,895 - INFO - sqlserver_db_connect - sqlserver 导出失败: ('42000', '[42000] [Microsoft][ODBC SQL Server Driver][SQL Server]无法打开登录所请求的数据库 "None"。登录失败。 (4060) (SQLDriverConnect); [42000] [Microsoft][ODBC SQL Server Driver]无效的连接字符串属性 (0); [42000] [Microsoft][ODBC SQL Server Driver][SQL Server]无法打开登录所请求的数据库 "None"。登录失败。 (4060); [42000] [Microsoft][ODBC SQL Server Driver]无效的连接字符串属性 (0)'), DRIVER={SQL Server};SERVER=127.0.0.1,1433;DATABASE=None;UID=sa;PWD=123456;Connect Timeout=5;
2026-01-08 20:43:29,900 - INFO - test - 导入失败，刷新列表
2026-01-08 20:44:07,588 - INFO - scroll_window - sql：SELECT * FROM sys_export_record  ORDER BY id DESC LIMIT 10 OFFSET 0，list：10
2026-01-08 20:44:11,290 - INFO - test - 开始用友导入: {'id': 12, 'start_time': '2026-01-06 00:00:00', 'end_time': '2026-01-06 23:59:59', 'create_time': '2026-01-06 11:49:45', 'export_time': '2026-01-06 11:49:46', 'data_type': None, 'export_num': '1', 'export_file_name': '2026-01-06 00_00_00-2026-01-06 23_59_59住院数据导出2026-01-06 11_49_45.xlsx', 'export_file_path': 'D:\\project\\hisToyy\\export_data\\2026-01-06 00_00_00-2026-01-06 23_59_59住院数据导出2026-01-06 11_49_45.xlsx', 'import_yy_start': None, 'import_yy_num': None, 'status': 2}
2026-01-08 20:44:11,299 - INFO - sqlserver_db_connect - DRIVER={SQL Server};SERVER=127.0.0.1,1433;DATABASE=None;UID=sa;PWD=123456;Connect Timeout=5;
2026-01-08 20:44:11,318 - INFO - sqlserver_db_connect - sqlserver 导出失败: ('42000', '[42000] [Microsoft][ODBC SQL Server Driver][SQL Server]无法打开登录所请求的数据库 "None"。登录失败。 (4060) (SQLDriverConnect); [42000] [Microsoft][ODBC SQL Server Driver]无效的连接字符串属性 (0); [42000] [Microsoft][ODBC SQL Server Driver][SQL Server]无法打开登录所请求的数据库 "None"。登录失败。 (4060); [42000] [Microsoft][ODBC SQL Server Driver]无效的连接字符串属性 (0)'), DRIVER={SQL Server};SERVER=127.0.0.1,1433;DATABASE=None;UID=sa;PWD=123456;Connect Timeout=5;
2026-01-08 20:44:11,323 - INFO - test - 导入失败，刷新列表
2026-01-08 20:45:02,171 - INFO - scroll_window - sql：SELECT * FROM sys_export_record  ORDER BY id DESC LIMIT 10 OFFSET 0，list：10
2026-01-08 20:45:05,451 - INFO - test - 开始用友导入: {'id': 12, 'start_time': '2026-01-06 00:00:00', 'end_time': '2026-01-06 23:59:59', 'create_time': '2026-01-06 11:49:45', 'export_time': '2026-01-06 11:49:46', 'data_type': None, 'export_num': '1', 'export_file_name': '2026-01-06 00_00_00-2026-01-06 23_59_59住院数据导出2026-01-06 11_49_45.xlsx', 'export_file_path': 'D:\\project\\hisToyy\\export_data\\2026-01-06 00_00_00-2026-01-06 23_59_59住院数据导出2026-01-06 11_49_45.xlsx', 'import_yy_start': None, 'import_yy_num': None, 'status': 2}
2026-01-08 20:45:05,460 - INFO - sqlserver_db_connect - DRIVER={SQL Server};SERVER=127.0.0.1,1433;DATABASE=master;UID=sa;PWD=123456;Connect Timeout=5;
2026-01-08 20:45:05,480 - INFO - sqlserver_db_connect - sqlserver 连接成功, DRIVER={SQL Server};SERVER=127.0.0.1,1433;DATABASE=master;UID=sa;PWD=123456;Connect Timeout=5;
2026-01-08 20:45:05,495 - INFO - sqlserver_db_connect - sqlserver 导出失败: [Errno 2] No such file or directory: 'D:\\project\\hisToyy\\export_data\\2026-01-06 00_00_00-2026-01-06 23_59_59住院数据导出2026-01-06 11_49_45.xlsx', DRIVER={SQL Server};SERVER=127.0.0.1,1433;DATABASE=master;UID=sa;PWD=123456;Connect Timeout=5;
2026-01-08 20:45:05,499 - INFO - test - 导入失败，刷新列表
2026-01-08 20:45:08,542 - INFO - scroll_window - sql：SELECT * FROM sys_export_record  ORDER BY id DESC LIMIT 10 OFFSET 0，list：10
2026-01-08 20:45:19,683 - INFO - scroll_window - sql：SELECT * FROM sys_export_record  ORDER BY id DESC LIMIT 10 OFFSET 10，list：2
2026-01-08 20:47:04,497 - INFO - test - 开始his导出: 2026-01-08 00:00:00, 2026-01-08 23:59:59
2026-01-08 20:47:04,521 - INFO - scroll_window - sql：SELECT * FROM sys_export_record  ORDER BY id DESC LIMIT 10 OFFSET 0，list：10
2026-01-08 20:47:05,264 - INFO - orcale_db_connect - 文件已保存至: G:\pythonProject\hisToyy\export_data\2026-01-08 00_00_00-2026-01-08 23_59_59住院数据导出2026-01-08 20_47_05.xlsx, 已成功导出 1 条数据！
2026-01-08 20:47:05,369 - INFO - test - 导出地址：G:\pythonProject\hisToyy\export_data\2026-01-08 00_00_00-2026-01-08 23_59_59住院数据导出2026-01-08 20_47_05.xlsx, 1
2026-01-08 20:47:05,382 - INFO - scroll_window - sql：SELECT * FROM sys_export_record  ORDER BY id DESC LIMIT 10 OFFSET 0，list：10
2026-01-08 20:47:06,884 - INFO - test - start_his_export用户点击了‘否’
2026-01-08 20:47:09,512 - INFO - test - 开始用友导入: {'id': 13, 'start_time': '2026-01-08 00:00:00', 'end_time': '2026-01-08 23:59:59', 'create_time': '2026-01-08 20:47:04', 'export_time': '2026-01-08 20:47:05', 'data_type': None, 'export_num': '1', 'export_file_name': '2026-01-08 00_00_00-2026-01-08 23_59_59住院数据导出2026-01-08 20_47_05.xlsx', 'export_file_path': 'G:\\pythonProject\\hisToyy\\export_data\\2026-01-08 00_00_00-2026-01-08 23_59_59住院数据导出2026-01-08 20_47_05.xlsx', 'import_yy_start': None, 'import_yy_num': None, 'status': 2}
2026-01-08 20:47:09,521 - INFO - sqlserver_db_connect - DRIVER={SQL Server};SERVER=127.0.0.1,1433;DATABASE=master;UID=sa;PWD=123456;Connect Timeout=5;
2026-01-08 20:47:09,533 - INFO - sqlserver_db_connect - sqlserver 连接成功, DRIVER={SQL Server};SERVER=127.0.0.1,1433;DATABASE=master;UID=sa;PWD=123456;Connect Timeout=5;
2026-01-08 20:47:09,544 - INFO - test - 导入成功，刷新列表
2026-01-08 20:47:10,609 - INFO - scroll_window - sql：SELECT * FROM sys_export_record  ORDER BY id DESC LIMIT 10 OFFSET 0，list：10
2026-01-08 20:57:18,628 - INFO - utils - Note: NumExpr detected 12 cores but "NUMEXPR_MAX_THREADS" not set, so enforcing safe limit of 8.
2026-01-08 20:57:18,628 - INFO - utils - NumExpr defaulting to 8 threads.
2026-01-08 21:00:00,493 - INFO - utils - Note: NumExpr detected 12 cores but "NUMEXPR_MAX_THREADS" not set, so enforcing safe limit of 8.
2026-01-08 21:00:00,493 - INFO - utils - NumExpr defaulting to 8 threads.
2026-01-08 21:04:07,817 - INFO - utils - Note: NumExpr detected 12 cores but "NUMEXPR_MAX_THREADS" not set, so enforcing safe limit of 8.
2026-01-08 21:04:07,817 - INFO - utils - NumExpr defaulting to 8 threads.
2026-01-08 21:07:19,648 - INFO - utils - Note: NumExpr detected 12 cores but "NUMEXPR_MAX_THREADS" not set, so enforcing safe limit of 8.
2026-01-08 21:07:19,648 - INFO - utils - NumExpr defaulting to 8 threads.
2026-01-08 21:14:09,977 - INFO - utils - Note: NumExpr detected 12 cores but "NUMEXPR_MAX_THREADS" not set, so enforcing safe limit of 8.
2026-01-08 21:14:09,978 - INFO - utils - NumExpr defaulting to 8 threads.
2026-01-08 21:14:25,897 - INFO - utils - Note: NumExpr detected 12 cores but "NUMEXPR_MAX_THREADS" not set, so enforcing safe limit of 8.
2026-01-08 21:14:25,897 - INFO - utils - NumExpr defaulting to 8 threads.
2026-01-08 21:19:27,121 - INFO - utils - Note: NumExpr detected 12 cores but "NUMEXPR_MAX_THREADS" not set, so enforcing safe limit of 8.
2026-01-08 21:19:27,121 - INFO - utils - NumExpr defaulting to 8 threads.
2026-01-08 21:27:40,812 - INFO - utils - Note: NumExpr detected 12 cores but "NUMEXPR_MAX_THREADS" not set, so enforcing safe limit of 8.
2026-01-08 21:27:40,812 - INFO - utils - NumExpr defaulting to 8 threads.
2026-01-08 21:28:25,870 - INFO - utils - Note: NumExpr detected 12 cores but "NUMEXPR_MAX_THREADS" not set, so enforcing safe limit of 8.
2026-01-08 21:28:25,870 - INFO - utils - NumExpr defaulting to 8 threads.
2026-01-08 21:29:32,413 - INFO - utils - Note: NumExpr detected 12 cores but "NUMEXPR_MAX_THREADS" not set, so enforcing safe limit of 8.
2026-01-08 21:29:32,413 - INFO - utils - NumExpr defaulting to 8 threads.
2026-01-08 21:30:28,017 - INFO - utils - Note: NumExpr detected 12 cores but "NUMEXPR_MAX_THREADS" not set, so enforcing safe limit of 8.
2026-01-08 21:30:28,017 - INFO - utils - NumExpr defaulting to 8 threads.
2026-01-08 21:34:04,788 - INFO - utils - Note: NumExpr detected 12 cores but "NUMEXPR_MAX_THREADS" not set, so enforcing safe limit of 8.
2026-01-08 21:34:04,788 - INFO - utils - NumExpr defaulting to 8 threads.
2026-01-08 21:35:33,886 - INFO - utils - Note: NumExpr detected 12 cores but "NUMEXPR_MAX_THREADS" not set, so enforcing safe limit of 8.
2026-01-08 21:35:33,886 - INFO - utils - NumExpr defaulting to 8 threads.
2026-01-08 21:37:01,820 - INFO - utils - Note: NumExpr detected 12 cores but "NUMEXPR_MAX_THREADS" not set, so enforcing safe limit of 8.
2026-01-08 21:37:01,820 - INFO - utils - NumExpr defaulting to 8 threads.
2026-01-08 21:40:07,859 - INFO - utils - Note: NumExpr detected 12 cores but "NUMEXPR_MAX_THREADS" not set, so enforcing safe limit of 8.
2026-01-08 21:40:07,859 - INFO - utils - NumExpr defaulting to 8 threads.
2026-01-09 21:15:07,865 - INFO - utils - Note: NumExpr detected 12 cores but "NUMEXPR_MAX_THREADS" not set, so enforcing safe limit of 8.
2026-01-09 21:15:07,866 - INFO - utils - NumExpr defaulting to 8 threads.
2026-01-09 21:34:03,223 - INFO - utils - Note: NumExpr detected 12 cores but "NUMEXPR_MAX_THREADS" not set, so enforcing safe limit of 8.
2026-01-09 21:34:03,224 - INFO - utils - NumExpr defaulting to 8 threads.
2026-01-09 21:36:48,773 - INFO - utils - Note: NumExpr detected 12 cores but "NUMEXPR_MAX_THREADS" not set, so enforcing safe limit of 8.
2026-01-09 21:36:48,773 - INFO - utils - NumExpr defaulting to 8 threads.
2026-01-09 21:41:45,811 - INFO - utils - Note: NumExpr detected 12 cores but "NUMEXPR_MAX_THREADS" not set, so enforcing safe limit of 8.
2026-01-09 21:41:45,811 - INFO - utils - NumExpr defaulting to 8 threads.
2026-01-09 21:48:08,177 - INFO - utils - Note: NumExpr detected 12 cores but "NUMEXPR_MAX_THREADS" not set, so enforcing safe limit of 8.
2026-01-09 21:48:08,177 - INFO - utils - NumExpr defaulting to 8 threads.
2026-01-09 21:48:22,757 - INFO - utils - Note: NumExpr detected 12 cores but "NUMEXPR_MAX_THREADS" not set, so enforcing safe limit of 8.
2026-01-09 21:48:22,757 - INFO - utils - NumExpr defaulting to 8 threads.
2026-01-09 22:07:52,007 - INFO - utils - Note: NumExpr detected 12 cores but "NUMEXPR_MAX_THREADS" not set, so enforcing safe limit of 8.
2026-01-09 22:07:52,007 - INFO - utils - NumExpr defaulting to 8 threads.
2026-01-09 22:08:22,446 - INFO - utils - Note: NumExpr detected 12 cores but "NUMEXPR_MAX_THREADS" not set, so enforcing safe limit of 8.
2026-01-09 22:08:22,446 - INFO - utils - NumExpr defaulting to 8 threads.
2026-01-09 22:10:16,273 - INFO - utils - Note: NumExpr detected 12 cores but "NUMEXPR_MAX_THREADS" not set, so enforcing safe limit of 8.
2026-01-09 22:10:16,274 - INFO - utils - NumExpr defaulting to 8 threads.
2026-01-09 22:19:18,936 - INFO - utils - Note: NumExpr detected 12 cores but "NUMEXPR_MAX_THREADS" not set, so enforcing safe limit of 8.
2026-01-09 22:19:18,937 - INFO - utils - NumExpr defaulting to 8 threads.
2026-01-09 22:19:57,870 - INFO - utils - Note: NumExpr detected 12 cores but "NUMEXPR_MAX_THREADS" not set, so enforcing safe limit of 8.
2026-01-09 22:19:57,870 - INFO - utils - NumExpr defaulting to 8 threads.
2026-01-11 21:35:02,100 - INFO - utils - Note: NumExpr detected 12 cores but "NUMEXPR_MAX_THREADS" not set, so enforcing safe limit of 8.
2026-01-11 21:35:02,102 - INFO - utils - NumExpr defaulting to 8 threads.
2026-01-11 21:47:45,859 - INFO - utils - Note: NumExpr detected 12 cores but "NUMEXPR_MAX_THREADS" not set, so enforcing safe limit of 8.
2026-01-11 21:47:45,860 - INFO - utils - NumExpr defaulting to 8 threads.
2026-01-11 21:48:05,653 - INFO - utils - Note: NumExpr detected 12 cores but "NUMEXPR_MAX_THREADS" not set, so enforcing safe limit of 8.
2026-01-11 21:48:05,654 - INFO - utils - NumExpr defaulting to 8 threads.
2026-01-11 21:55:19,948 - INFO - utils - Note: NumExpr detected 12 cores but "NUMEXPR_MAX_THREADS" not set, so enforcing safe limit of 8.
2026-01-11 21:55:19,948 - INFO - utils - NumExpr defaulting to 8 threads.
2026-01-12 11:45:58,575 - INFO - scroll_window - sql：SELECT * FROM sys_export_record  ORDER BY id DESC LIMIT 10 OFFSET 0，list：10
2026-01-12 11:46:09,268 - INFO - scroll_window - sql：SELECT * FROM sys_export_record  ORDER BY id DESC LIMIT 10 OFFSET 10，list：3
2026-01-12 21:02:33,240 - INFO - utils - Note: NumExpr detected 12 cores but "NUMEXPR_MAX_THREADS" not set, so enforcing safe limit of 8.
2026-01-12 21:02:33,240 - INFO - utils - NumExpr defaulting to 8 threads.
2026-01-12 21:02:35,002 - ERROR - sqlserver_db_connect - Error inserting data: ('42S22', "[42S22] [Microsoft][ODBC SQL Server Driver][SQL Server]列名 'ccust_id' 无效。 (207) (SQLExecDirectW); [42S22] [Microsoft][ODBC SQL Server Driver][SQL Server]无法预定义语句。 (8180)")
2026-01-12 21:03:07,339 - INFO - utils - Note: NumExpr detected 12 cores but "NUMEXPR_MAX_THREADS" not set, so enforcing safe limit of 8.
2026-01-12 21:03:07,340 - INFO - utils - NumExpr defaulting to 8 threads.
2026-01-12 21:03:08,281 - ERROR - sqlserver_db_connect - Error inserting data: ('42S22', "[42S22] [Microsoft][ODBC SQL Server Driver][SQL Server]列名 'ccust_id' 无效。 (207) (SQLExecDirectW); [42S22] [Microsoft][ODBC SQL Server Driver][SQL Server]无法预定义语句。 (8180)")
2026-01-12 21:20:27,003 - INFO - utils - Note: NumExpr detected 12 cores but "NUMEXPR_MAX_THREADS" not set, so enforcing safe limit of 8.
2026-01-12 21:20:27,004 - INFO - utils - NumExpr defaulting to 8 threads.
2026-01-12 21:20:27,941 - ERROR - sqlserver_db_connect - Error inserting data: ('23000', '[23000] [Microsoft][ODBC SQL Server Driver][SQL Server]INSERT 语句与 FOREIGN KEY 约束"FK__GL_accvou__cdept__2F25DA6B"冲突。该冲突发生于数据库"UFDATA_999_2012"，表"dbo.Department", column \'cDepCode\'。 (547) (SQLExecDirectW); [23000] [Microsoft][ODBC SQL Server Driver][SQL Server]语句已终止。 (3621)')
2026-01-12 21:21:21,497 - INFO - utils - Note: NumExpr detected 12 cores but "NUMEXPR_MAX_THREADS" not set, so enforcing safe limit of 8.
2026-01-12 21:21:21,497 - INFO - utils - NumExpr defaulting to 8 threads.
2026-01-12 21:21:22,115 - INFO - sqlserver_db_connect - Successfully inserted 9 rows.
2026-01-12 21:25:47,528 - INFO - utils - Note: NumExpr detected 12 cores but "NUMEXPR_MAX_THREADS" not set, so enforcing safe limit of 8.
2026-01-12 21:25:47,528 - INFO - utils - NumExpr defaulting to 8 threads.
2026-01-12 21:25:48,131 - INFO - sqlserver_db_connect - Successfully inserted 9 rows.
2026-01-12 21:26:27,193 - INFO - scroll_window - sql：SELECT * FROM sys_export_record  ORDER BY id DESC LIMIT 10 OFFSET 0，list：10
2026-01-12 21:26:35,031 - INFO - test - 开始用友导入: {'id': 13, 'start_time': '2026-01-08 00:00:00', 'end_time': '2026-01-08 23:59:59', 'create_time': '2026-01-08 20:47:04', 'export_time': '2026-01-08 20:47:05', 'data_type': None, 'export_num': '1', 'export_file_name': '2026-01-08 00_00_00-2026-01-08 23_59_59住院数据导出2026-01-08 20_47_05.xlsx', 'export_file_path': 'G:\\pythonProject\\hisToyy\\export_data\\2026-01-08 00_00_00-2026-01-08 23_59_59住院数据导出2026-01-08 20_47_05.xlsx', 'import_yy_start': None, 'import_yy_num': None, 'status': 2}
2026-01-12 21:26:35,045 - INFO - sqlserver_db_connect - DRIVER={SQL Server};SERVER=127.0.0.1,1433;DATABASE=master;UID=sa;PWD=123456;Connect Timeout=5;
2026-01-12 21:26:35,067 - INFO - sqlserver_db_connect - sqlserver 连接成功, DRIVER={SQL Server};SERVER=127.0.0.1,1433;DATABASE=master;UID=sa;PWD=123456;Connect Timeout=5;
2026-01-12 21:26:35,162 - ERROR - sqlserver_db_connect - Error inserting data: ('23000', '[23000] [Microsoft][ODBC SQL Server Driver][SQL Server]INSERT 语句与 FOREIGN KEY 约束"FK__GL_accvou__cdept__2F25DA6B"冲突。该冲突发生于数据库"UFDATA_999_2012"，表"dbo.Department", column \'cDepCode\'。 (547) (SQLExecDirectW); [23000] [Microsoft][ODBC SQL Server Driver][SQL Server]语句已终止。 (3621)')
2026-01-12 21:26:35,166 - INFO - test - 导入失败，刷新列表
2026-01-12 21:26:57,802 - INFO - scroll_window - sql：SELECT * FROM sys_export_record  ORDER BY id DESC LIMIT 10 OFFSET 0，list：10
2026-01-12 21:27:02,695 - INFO - scroll_window - sql：SELECT * FROM sys_export_record  ORDER BY id DESC LIMIT 10 OFFSET 0，list：10
2026-01-12 21:27:06,718 - INFO - test - 开始用友导入: {'id': 13, 'start_time': '2026-01-08 00:00:00', 'end_time': '2026-01-08 23:59:59', 'create_time': '2026-01-08 20:47:04', 'export_time': '2026-01-08 20:47:05', 'data_type': None, 'export_num': '1', 'export_file_name': '2026-01-08 00_00_00-2026-01-08 23_59_59住院数据导出2026-01-08 20_47_05.xlsx', 'export_file_path': 'G:\\pythonProject\\hisToyy\\export_data\\2026-01-08 00_00_00-2026-01-08 23_59_59住院数据导出2026-01-08 20_47_05.xlsx', 'import_yy_start': None, 'import_yy_num': None, 'status': 5}
2026-01-12 21:27:06,727 - INFO - sqlserver_db_connect - DRIVER={SQL Server};SERVER=127.0.0.1,1433;DATABASE=master;UID=sa;PWD=123456;Connect Timeout=5;
2026-01-12 21:27:06,746 - INFO - sqlserver_db_connect - sqlserver 连接成功, DRIVER={SQL Server};SERVER=127.0.0.1,1433;DATABASE=master;UID=sa;PWD=123456;Connect Timeout=5;
2026-01-12 21:27:06,848 - INFO - sqlserver_db_connect - Successfully inserted 9 rows.
2026-01-12 21:27:06,852 - INFO - test - 导入成功，刷新列表
2026-01-12 21:27:08,079 - INFO - scroll_window - sql：SELECT * FROM sys_export_record  ORDER BY id DESC LIMIT 10 OFFSET 0，list：10
2026-01-26 20:45:40,552 - INFO - scroll_window - sql：SELECT * FROM sys_export_record  ORDER BY id DESC LIMIT 10 OFFSET 0，list：10
2026-01-26 20:45:43,698 - INFO - test - 开始his导出: 2026-01-26 00:00:00, 2026-01-26 23:59:59
2026-01-26 20:45:43,732 - INFO - scroll_window - sql：SELECT * FROM sys_export_record  ORDER BY id DESC LIMIT 10 OFFSET 0，list：10
2026-01-26 20:45:44,854 - INFO - orcale_db_connect - 文件已保存至: G:\pythonProject\hisToyy\export_data\2026-01-26 00_00_00-2026-01-26 23_59_59数据导出2026-01-26 20_45.xlsx, 已成功导出 2 条数据！
2026-01-26 20:45:44,985 - INFO - test - 导出地址：G:\pythonProject\hisToyy\export_data\2026-01-26 00_00_00-2026-01-26 23_59_59数据导出2026-01-26 20_45.xlsx, 2
2026-01-26 20:45:44,995 - INFO - scroll_window - sql：SELECT * FROM sys_export_record  ORDER BY id DESC LIMIT 10 OFFSET 0，list：10
2026-01-26 20:45:46,590 - INFO - test - start_his_export用户点击了‘否’
2026-01-26 20:47:34,346 - INFO - scroll_window - sql：SELECT * FROM sys_export_record  ORDER BY id DESC LIMIT 10 OFFSET 0，list：10
2026-01-26 20:47:39,034 - INFO - test - 开始his导出: 2026-01-26 00:00:00, 2026-01-26 23:59:59
2026-01-26 20:47:39,090 - INFO - scroll_window - sql：SELECT * FROM sys_export_record  ORDER BY id DESC LIMIT 10 OFFSET 0，list：10
2026-01-26 20:47:39,745 - INFO - orcale_db_connect - 文件已保存至: G:\pythonProject\hisToyy\export_data\2026-01-26 00_00_00-2026-01-26 23_59_59数据导出2026-01-26 20_47.xlsx, 已成功导出 2 条数据！
2026-01-26 20:47:39,872 - INFO - test - 导出地址：G:\pythonProject\hisToyy\export_data\2026-01-26 00_00_00-2026-01-26 23_59_59数据导出2026-01-26 20_47.xlsx, 2
2026-01-26 20:47:39,908 - INFO - scroll_window - sql：SELECT * FROM sys_export_record  ORDER BY id DESC LIMIT 10 OFFSET 0，list：10
2026-01-26 20:47:41,298 - INFO - test - start_his_export用户点击了‘否’
2026-01-26 21:38:25,843 - INFO - scroll_window - sql：SELECT * FROM sys_export_record  ORDER BY id DESC LIMIT 10 OFFSET 0，list：10
2026-01-26 21:38:32,788 - INFO - test - 开始his导出: 2026-01-26 00:00:00, 2026-01-26 23:59:59
2026-01-26 21:38:32,818 - INFO - scroll_window - sql：SELECT * FROM sys_export_record  ORDER BY id DESC LIMIT 10 OFFSET 0，list：10
2026-01-26 21:39:41,082 - INFO - scroll_window - sql：SELECT * FROM sys_export_record  ORDER BY id DESC LIMIT 10 OFFSET 0，list：10
2026-01-26 21:39:44,257 - INFO - test - 开始his导出: 2026-01-26 00:00:00, 2026-01-26 23:59:59
2026-01-26 21:39:44,288 - INFO - scroll_window - sql：SELECT * FROM sys_export_record  ORDER BY id DESC LIMIT 10 OFFSET 0，list：10
2026-01-26 21:40:48,955 - INFO - scroll_window - sql：SELECT * FROM sys_export_record  ORDER BY id DESC LIMIT 10 OFFSET 0，list：10
2026-01-26 21:40:51,064 - INFO - test - 开始his导出: 2026-01-26 00:00:00, 2026-01-26 23:59:59
2026-01-26 21:40:51,095 - INFO - scroll_window - sql：SELECT * FROM sys_export_record  ORDER BY id DESC LIMIT 10 OFFSET 0，list：10
2026-01-26 21:45:07,537 - INFO - scroll_window - sql：SELECT * FROM sys_export_record  ORDER BY id DESC LIMIT 10 OFFSET 0，list：10
2026-01-26 21:45:13,432 - INFO - test - 开始his导出: 2026-01-26 00:00:00, 2026-01-26 23:59:59
2026-01-26 21:45:13,599 - INFO - scroll_window - sql：SELECT * FROM sys_export_record  ORDER BY id DESC LIMIT 10 OFFSET 0，list：10
2026-01-26 21:46:35,990 - INFO - scroll_window - sql：SELECT * FROM sys_export_record  ORDER BY id DESC LIMIT 10 OFFSET 0，list：10
2026-01-26 21:46:37,598 - INFO - test - 开始his导出: 2026-01-26 00:00:00, 2026-01-26 23:59:59
2026-01-26 21:46:37,629 - INFO - scroll_window - sql：SELECT * FROM sys_export_record  ORDER BY id DESC LIMIT 10 OFFSET 0，list：10
2026-01-26 21:48:52,441 - INFO - scroll_window - sql：SELECT * FROM sys_export_record  ORDER BY id DESC LIMIT 10 OFFSET 0，list：10
2026-01-26 21:49:19,287 - INFO - test - 开始his导出: 2026-01-26 00:00:00, 2026-01-26 23:59:59
2026-01-26 21:49:19,314 - INFO - scroll_window - sql：SELECT * FROM sys_export_record  ORDER BY id DESC LIMIT 10 OFFSET 0，list：10
2026-01-26 21:49:20,139 - INFO - orcale_db_connect - 文件已保存至: G:\pythonProject\hisToyy\export_data\2026-01-26 00_00_00-2026-01-26 23_59_59数据导出2026-01-26 21_49.xlsx, 已成功导出 2 条数据！
2026-01-26 21:49:20,265 - INFO - test - 导出地址：G:\pythonProject\hisToyy\export_data\2026-01-26 00_00_00-2026-01-26 23_59_59数据导出2026-01-26 21_49.xlsx, 2
2026-01-26 21:49:20,275 - INFO - scroll_window - sql：SELECT * FROM sys_export_record  ORDER BY id DESC LIMIT 10 OFFSET 0，list：10
2026-01-26 21:49:22,144 - INFO - test - start_his_export用户点击了‘否’
2026-01-26 22:22:45,959 - INFO - scroll_window - sql：SELECT * FROM sys_export_record  ORDER BY id DESC LIMIT 10 OFFSET 0，list：10
2026-01-26 22:22:48,988 - INFO - test - 开始his导出: 2026-01-26 00:00:00, 2026-01-26 23:59:59
2026-01-26 22:22:49,017 - INFO - scroll_window - sql：SELECT * FROM sys_export_record  ORDER BY id DESC LIMIT 10 OFFSET 0，list：10
2026-01-26 22:22:49,851 - INFO - orcale_db_connect - 文件已保存至: G:\pythonProject\hisToyy\export_data\2026-01-26 00_00_00-2026-01-26 23_59_59数据导出2026-01-26 22_22.xlsx, 已成功导出 2 条数据！
2026-01-26 22:22:49,976 - INFO - test - 导出地址：G:\pythonProject\hisToyy\export_data\2026-01-26 00_00_00-2026-01-26 23_59_59数据导出2026-01-26 22_22.xlsx, 2
2026-01-26 22:22:49,985 - INFO - scroll_window - sql：SELECT * FROM sys_export_record  ORDER BY id DESC LIMIT 10 OFFSET 0，list：10
2026-01-26 22:22:51,491 - INFO - test - start_his_export用户点击了‘否’
2026-01-26 22:22:54,549 - INFO - test - 开始用友导入: {'id': 22, 'start_time': '2026-01-26 00:00:00', 'end_time': '2026-01-26 23:59:59', 'create_time': '2026-01-26 22:22:49', 'export_time': '2026-01-26 22:22:49', 'data_type': None, 'export_num': '2', 'export_file_name': '2026-01-26 00_00_00-2026-01-26 23_59_59数据导出2026-01-26 22_22.xlsx', 'export_file_path': 'G:\\pythonProject\\hisToyy\\export_data\\2026-01-26 00_00_00-2026-01-26 23_59_59数据导出2026-01-26 22_22.xlsx', 'import_yy_start': None, 'import_yy_num': None, 'status': 2}
2026-01-26 22:22:54,560 - INFO - sqlserver_db_connect - DRIVER={SQL Server};SERVER=127.0.0.1,1433;DATABASE=master;UID=sa;PWD=123456;Connect Timeout=5;
2026-01-26 22:22:54,866 - INFO - sqlserver_db_connect - sqlserver 连接成功, DRIVER={SQL Server};SERVER=127.0.0.1,1433;DATABASE=master;UID=sa;PWD=123456;Connect Timeout=5;
2026-01-26 22:22:55,309 - INFO - sqlserver_db_connect - sqlserver 导出失败: object of type 'generator' has no len(), DRIVER={SQL Server};SERVER=127.0.0.1,1433;DATABASE=master;UID=sa;PWD=123456;Connect Timeout=5;
2026-01-26 22:22:55,312 - INFO - test - 导入失败，刷新列表
2026-01-26 22:22:57,511 - INFO - scroll_window - sql：SELECT * FROM sys_export_record  ORDER BY id DESC LIMIT 10 OFFSET 0，list：10
2026-01-26 22:23:53,091 - INFO - scroll_window - sql：SELECT * FROM sys_export_record  ORDER BY id DESC LIMIT 10 OFFSET 0，list：10
2026-01-26 22:23:57,542 - INFO - test - 开始用友导入: {'id': 22, 'start_time': '2026-01-26 00:00:00', 'end_time': '2026-01-26 23:59:59', 'create_time': '2026-01-26 22:22:49', 'export_time': '2026-01-26 22:22:49', 'data_type': None, 'export_num': '2', 'export_file_name': '2026-01-26 00_00_00-2026-01-26 23_59_59数据导出2026-01-26 22_22.xlsx', 'export_file_path': 'G:\\pythonProject\\hisToyy\\export_data\\2026-01-26 00_00_00-2026-01-26 23_59_59数据导出2026-01-26 22_22.xlsx', 'import_yy_start': None, 'import_yy_num': None, 'status': 5}
2026-01-26 22:23:57,553 - INFO - sqlserver_db_connect - DRIVER={SQL Server};SERVER=127.0.0.1,1433;DATABASE=master;UID=sa;PWD=123456;Connect Timeout=5;
2026-01-26 22:23:57,574 - INFO - sqlserver_db_connect - sqlserver 连接成功, DRIVER={SQL Server};SERVER=127.0.0.1,1433;DATABASE=master;UID=sa;PWD=123456;Connect Timeout=5;
2026-01-26 22:23:58,134 - INFO - sqlserver_db_connect - sqlserver 导出失败: object of type 'generator' has no len(), DRIVER={SQL Server};SERVER=127.0.0.1,1433;DATABASE=master;UID=sa;PWD=123456;Connect Timeout=5;
2026-01-26 22:23:58,139 - INFO - test - 导入失败，刷新列表
2026-01-26 22:25:01,612 - INFO - scroll_window - sql：SELECT * FROM sys_export_record  ORDER BY id DESC LIMIT 10 OFFSET 0，list：10
2026-01-26 22:25:10,253 - INFO - test - 开始用友导入: {'id': 22, 'start_time': '2026-01-26 00:00:00', 'end_time': '2026-01-26 23:59:59', 'create_time': '2026-01-26 22:22:49', 'export_time': '2026-01-26 22:22:49', 'data_type': None, 'export_num': '2', 'export_file_name': '2026-01-26 00_00_00-2026-01-26 23_59_59数据导出2026-01-26 22_22.xlsx', 'export_file_path': 'G:\\pythonProject\\hisToyy\\export_data\\2026-01-26 00_00_00-2026-01-26 23_59_59数据导出2026-01-26 22_22.xlsx', 'import_yy_start': None, 'import_yy_num': None, 'status': 5}
2026-01-26 22:25:10,264 - INFO - sqlserver_db_connect - DRIVER={SQL Server};SERVER=127.0.0.1,1433;DATABASE=master;UID=sa;PWD=123456;Connect Timeout=5;
2026-01-26 22:25:10,283 - INFO - sqlserver_db_connect - sqlserver 连接成功, DRIVER={SQL Server};SERVER=127.0.0.1,1433;DATABASE=master;UID=sa;PWD=123456;Connect Timeout=5;
2026-01-26 22:25:11,271 - INFO - sqlserver_db_connect - sqlserver 导出失败: object of type 'generator' has no len(), DRIVER={SQL Server};SERVER=127.0.0.1,1433;DATABASE=master;UID=sa;PWD=123456;Connect Timeout=5;
2026-01-26 22:25:11,274 - INFO - test - 导入失败，刷新列表
2026-01-26 22:26:08,201 - INFO - scroll_window - sql：SELECT * FROM sys_export_record  ORDER BY id DESC LIMIT 10 OFFSET 0，list：10
2026-01-26 22:26:23,079 - INFO - test - 开始用友导入: {'id': 22, 'start_time': '2026-01-26 00:00:00', 'end_time': '2026-01-26 23:59:59', 'create_time': '2026-01-26 22:22:49', 'export_time': '2026-01-26 22:22:49', 'data_type': None, 'export_num': '2', 'export_file_name': '2026-01-26 00_00_00-2026-01-26 23_59_59数据导出2026-01-26 22_22.xlsx', 'export_file_path': 'G:\\pythonProject\\hisToyy\\export_data\\2026-01-26 00_00_00-2026-01-26 23_59_59数据导出2026-01-26 22_22.xlsx', 'import_yy_start': None, 'import_yy_num': None, 'status': 5}
2026-01-26 22:26:23,089 - INFO - sqlserver_db_connect - DRIVER={SQL Server};SERVER=127.0.0.1,1433;DATABASE=master;UID=sa;PWD=123456;Connect Timeout=5;
2026-01-26 22:26:23,109 - INFO - sqlserver_db_connect - sqlserver 连接成功, DRIVER={SQL Server};SERVER=127.0.0.1,1433;DATABASE=master;UID=sa;PWD=123456;Connect Timeout=5;
2026-01-26 22:26:23,661 - INFO - sqlserver_db_connect - sqlserver 导出失败: '收款员', DRIVER={SQL Server};SERVER=127.0.0.1,1433;DATABASE=master;UID=sa;PWD=123456;Connect Timeout=5;
2026-01-26 22:26:23,670 - INFO - test - 导入失败，刷新列表
2026-01-26 22:28:35,881 - INFO - scroll_window - sql：SELECT * FROM sys_export_record  ORDER BY id DESC LIMIT 10 OFFSET 0，list：10
2026-01-27 19:56:33,507 - INFO - scroll_window - sql：SELECT * FROM sys_export_record  ORDER BY id DESC LIMIT 10 OFFSET 0，list：10
2026-01-27 19:56:44,163 - INFO - test - 开始his导出: 2026-01-27 00:00:00, 2026-01-27 23:59:59
2026-01-27 19:56:44,339 - INFO - scroll_window - sql：SELECT * FROM sys_export_record  ORDER BY id DESC LIMIT 10 OFFSET 0，list：10
2026-01-27 19:58:09,845 - INFO - scroll_window - sql：SELECT * FROM sys_export_record  ORDER BY id DESC LIMIT 10 OFFSET 0，list：10
2026-01-27 19:58:12,011 - INFO - test - 开始his导出: 2026-01-27 00:00:00, 2026-01-27 23:59:59
2026-01-27 19:58:12,039 - INFO - scroll_window - sql：SELECT * FROM sys_export_record  ORDER BY id DESC LIMIT 10 OFFSET 0，list：10
2026-01-27 19:59:36,037 - INFO - scroll_window - sql：SELECT * FROM sys_export_record  ORDER BY id DESC LIMIT 10 OFFSET 0，list：10
2026-01-27 19:59:40,368 - INFO - test - 开始his导出: 2026-01-27 00:00:00, 2026-01-27 23:59:59
2026-01-27 19:59:40,395 - INFO - scroll_window - sql：SELECT * FROM sys_export_record  ORDER BY id DESC LIMIT 10 OFFSET 0，list：10
2026-01-27 19:59:40,955 - INFO - orcale_db_connect - 文件已保存至: G:\pythonProject\hisToyy\export_data\2026-01-27 00_00_00-2026-01-27 23_59_59数据导出2026-01-27 19_59.xlsx, 已成功导出 3 条数据！
2026-01-27 19:59:41,047 - INFO - test - 导出地址：G:\pythonProject\hisToyy\export_data\2026-01-27 00_00_00-2026-01-27 23_59_59数据导出2026-01-27 19_59.xlsx, 3
2026-01-27 19:59:41,055 - INFO - scroll_window - sql：SELECT * FROM sys_export_record  ORDER BY id DESC LIMIT 10 OFFSET 0，list：10
2026-01-27 19:59:43,049 - INFO - test - start_his_export用户点击了‘否’
2026-01-27 20:00:19,637 - INFO - scroll_window - sql：SELECT * FROM sys_export_record  ORDER BY id DESC LIMIT 10 OFFSET 10，list：10
2026-01-27 20:00:19,682 - INFO - scroll_window - sql：SELECT * FROM sys_export_record  ORDER BY id DESC LIMIT 10 OFFSET 20，list：5
2026-01-27 20:04:55,014 - INFO - scroll_window - sql：SELECT * FROM sys_export_record  ORDER BY id DESC LIMIT 10 OFFSET 0，list：10
2026-01-27 20:05:32,210 - INFO - scroll_window - sql：SELECT * FROM sys_export_record  ORDER BY id DESC LIMIT 10 OFFSET 0，list：10
2026-01-27 20:12:27,888 - INFO - scroll_window - sql：SELECT * FROM sys_export_record  ORDER BY id DESC LIMIT 10 OFFSET 0，list：10
2026-01-27 20:12:29,711 - INFO - test - 开始his导出: 2026-01-27 00:00:00, 2026-01-27 23:59:59
2026-01-27 20:12:29,747 - INFO - scroll_window - sql：SELECT * FROM sys_export_record  ORDER BY id DESC LIMIT 10 OFFSET 0，list：10
2026-01-27 20:12:30,410 - INFO - orcale_db_connect - 文件已保存至: G:\pythonProject\hisToyy\export_data\门诊2026-01-27 00_00_00数据导出.xlsx, 已成功导出 3 条数据！
2026-01-27 20:12:30,525 - INFO - test - 导出地址：G:\pythonProject\hisToyy\export_data\门诊2026-01-27 00_00_00数据导出.xlsx, 3
2026-01-27 20:12:30,534 - INFO - scroll_window - sql：SELECT * FROM sys_export_record  ORDER BY id DESC LIMIT 10 OFFSET 0，list：10
2026-01-27 20:12:31,635 - INFO - test - start_his_export用户点击了‘否’
2026-01-27 20:25:50,117 - INFO - scroll_window - sql：SELECT * FROM sys_export_record  ORDER BY id DESC LIMIT 10 OFFSET 0，list：10
2026-01-27 20:25:52,307 - INFO - test - 开始his导出: 2026-01-27 00:00:00, 2026-01-27 23:59:59
2026-01-27 20:25:52,390 - INFO - scroll_window - sql：SELECT * FROM sys_export_record  ORDER BY id DESC LIMIT 10 OFFSET 0，list：10
2026-01-27 20:26:52,807 - INFO - scroll_window - sql：SELECT * FROM sys_export_record  ORDER BY id DESC LIMIT 10 OFFSET 0，list：10
2026-01-27 20:26:54,081 - INFO - test - 开始his导出: 2026-01-27 00:00:00, 2026-01-27 23:59:59
2026-01-27 20:26:54,109 - INFO - scroll_window - sql：SELECT * FROM sys_export_record  ORDER BY id DESC LIMIT 10 OFFSET 0，list：10
2026-01-27 20:27:40,693 - INFO - scroll_window - sql：SELECT * FROM sys_export_record  ORDER BY id DESC LIMIT 10 OFFSET 0，list：10
2026-01-27 20:27:42,741 - INFO - test - 开始his导出: 2026-01-27 00:00:00, 2026-01-27 23:59:59
2026-01-27 20:27:42,768 - INFO - scroll_window - sql：SELECT * FROM sys_export_record  ORDER BY id DESC LIMIT 10 OFFSET 0，list：10
2026-01-27 20:27:43,379 - INFO - orcale_db_connect - 文件已保存至: G:\pythonProject\hisToyy\export_data\门诊2026-01-27 00_00_00数据导出.xlsx, 已成功导出 0 条数据！
2026-01-27 20:27:43,492 - INFO - test - 导出地址：G:\pythonProject\hisToyy\export_data\门诊2026-01-27 00_00_00数据导出.xlsx, 0
2026-01-27 20:27:43,500 - INFO - scroll_window - sql：SELECT * FROM sys_export_record  ORDER BY id DESC LIMIT 10 OFFSET 0，list：10
2026-01-27 20:27:45,560 - INFO - test - start_his_export用户点击了‘否’
2026-01-27 20:53:12,788 - INFO - scroll_window - sql：SELECT * FROM sys_export_record  ORDER BY id DESC LIMIT 10 OFFSET 0，list：10
2026-01-27 20:53:14,581 - INFO - test - 开始his导出: 2026-01-27 00:00:00, 2026-01-27 23:59:59
2026-01-27 20:53:14,605 - INFO - scroll_window - sql：SELECT * FROM sys_export_record  ORDER BY id DESC LIMIT 10 OFFSET 0，list：10
2026-01-27 20:53:15,276 - INFO - orcale_db_connect - 文件已保存至: G:\pythonProject\hisToyy\export_data\门诊2026-01-27 00_00_00数据导出.xlsx, 已成功导出 3 条数据！
2026-01-27 20:53:15,390 - INFO - test - 导出地址：G:\pythonProject\hisToyy\export_data\门诊2026-01-27 00_00_00数据导出.xlsx, 3
2026-01-27 20:53:15,399 - INFO - scroll_window - sql：SELECT * FROM sys_export_record  ORDER BY id DESC LIMIT 10 OFFSET 0，list：10
2026-01-27 20:53:27,287 - INFO - test - 开始用友导入: {'id': 30, 'start_time': '2026-01-27 00:00:00', 'end_time': '2026-01-27 23:59:59', 'create_time': '2026-01-27 20:53:14', 'export_time': '2026-01-27 20:53:15', 'data_type': '门诊', 'export_num': '3', 'export_file_name': '门诊2026-01-27 00_00_00数据导出.xlsx', 'export_file_path': 'G:\\pythonProject\\hisToyy\\export_data\\门诊2026-01-27 00_00_00数据导出.xlsx', 'import_yy_start': None, 'import_yy_num': None, 'status': 2}
2026-01-27 20:53:27,295 - INFO - sqlserver_db_connect - DRIVER={SQL Server};SERVER=127.0.0.1,1433;DATABASE=master;UID=sa;PWD=123456;Connect Timeout=5;
2026-01-27 20:53:27,371 - INFO - sqlserver_db_connect - sqlserver 连接成功, DRIVER={SQL Server};SERVER=127.0.0.1,1433;DATABASE=master;UID=sa;PWD=123456;Connect Timeout=5;
2026-01-27 20:53:28,122 - ERROR - sqlserver_db_connect - Error inserting data: ('23000', '[23000] [Microsoft][ODBC SQL Server Driver][SQL Server]INSERT 语句与 FOREIGN KEY 约束"FK__GL_accvou__cdept__2F25DA6B"冲突。该冲突发生于数据库"UFDATA_999_2012"，表"dbo.Department", column \'cDepCode\'。 (547) (SQLExecDirectW); [23000] [Microsoft][ODBC SQL Server Driver][SQL Server]语句已终止。 (3621)')
2026-01-27 20:53:28,125 - INFO - test - 导入失败，刷新列表
2026-01-27 20:53:28,127 - INFO - sqlserver_db_connect - sqlserver 导出失败: 'in <string>' requires string as left operand, not float, DRIVER={SQL Server};SERVER=127.0.0.1,1433;DATABASE=master;UID=sa;PWD=123456;Connect Timeout=5;
2026-01-27 20:53:28,144 - INFO - test - 导入失败，刷新列表
2026-01-27 20:53:29,751 - INFO - scroll_window - sql：SELECT * FROM sys_export_record  ORDER BY id DESC LIMIT 10 OFFSET 0，list：10
2026-01-27 20:57:41,612 - INFO - scroll_window - sql：SELECT * FROM sys_export_record  ORDER BY id DESC LIMIT 10 OFFSET 0，list：10
2026-01-27 20:57:50,201 - INFO - test - start_yy_import用户点击了‘否’
2026-01-27 20:57:56,545 - INFO - test - 开始用友导入: {'id': 30, 'start_time': '2026-01-27 00:00:00', 'end_time': '2026-01-27 23:59:59', 'create_time': '2026-01-27 20:53:14', 'export_time': '2026-01-27 20:53:15', 'data_type': '门诊', 'export_num': '3', 'export_file_name': '门诊2026-01-27 00_00_00数据导出.xlsx', 'export_file_path': 'G:\\pythonProject\\hisToyy\\export_data\\门诊2026-01-27 00_00_00数据导出.xlsx', 'import_yy_start': None, 'import_yy_num': None, 'status': 5}
2026-01-27 20:57:56,557 - INFO - sqlserver_db_connect - DRIVER={SQL Server};SERVER=127.0.0.1,1433;DATABASE=master;UID=sa;PWD=123456;Connect Timeout=5;
2026-01-27 20:57:56,576 - INFO - sqlserver_db_connect - sqlserver 连接成功, DRIVER={SQL Server};SERVER=127.0.0.1,1433;DATABASE=master;UID=sa;PWD=123456;Connect Timeout=5;
2026-01-27 20:57:56,789 - ERROR - sqlserver_db_connect - Error inserting data: ('23000', '[23000] [Microsoft][ODBC SQL Server Driver][SQL Server]INSERT 语句与 FOREIGN KEY 约束"FK__GL_accvou__cdept__2F25DA6B"冲突。该冲突发生于数据库"UFDATA_999_2012"，表"dbo.Department", column \'cDepCode\'。 (547) (SQLExecDirectW); [23000] [Microsoft][ODBC SQL Server Driver][SQL Server]语句已终止。 (3621)')
2026-01-27 20:57:56,794 - INFO - test - 导入失败，刷新列表
2026-01-27 20:57:56,858 - ERROR - sqlserver_db_connect - Error inserting data: ('23000', '[23000] [Microsoft][ODBC SQL Server Driver][SQL Server]INSERT 语句与 FOREIGN KEY 约束"FK__GL_accvou__cdept__2F25DA6B"冲突。该冲突发生于数据库"UFDATA_999_2012"，表"dbo.Department", column \'cDepCode\'。 (547) (SQLExecDirectW); [23000] [Microsoft][ODBC SQL Server Driver][SQL Server]语句已终止。 (3621)')
2026-01-27 20:57:56,864 - INFO - test - 导入失败，刷新列表
2026-01-27 20:57:58,383 - INFO - scroll_window - sql：SELECT * FROM sys_export_record  ORDER BY id DESC LIMIT 10 OFFSET 0，list：10
2026-01-27 20:58:02,191 - INFO - scroll_window - sql：SELECT * FROM sys_export_record  ORDER BY id DESC LIMIT 10 OFFSET 0，list：10
2026-01-27 20:59:38,431 - INFO - scroll_window - sql：SELECT * FROM sys_export_record  ORDER BY id DESC LIMIT 10 OFFSET 0，list：10
2026-01-27 20:59:43,871 - INFO - test - 开始用友导入: {'id': 30, 'start_time': '2026-01-27 00:00:00', 'end_time': '2026-01-27 23:59:59', 'create_time': '2026-01-27 20:53:14', 'export_time': '2026-01-27 20:53:15', 'data_type': '门诊', 'export_num': '3', 'export_file_name': '门诊2026-01-27 00_00_00数据导出.xlsx', 'export_file_path': 'G:\\pythonProject\\hisToyy\\export_data\\门诊2026-01-27 00_00_00数据导出.xlsx', 'import_yy_start': None, 'import_yy_num': None, 'status': 5}
2026-01-27 20:59:43,882 - INFO - sqlserver_db_connect - DRIVER={SQL Server};SERVER=127.0.0.1,1433;DATABASE=master;UID=sa;PWD=123456;Connect Timeout=5;
2026-01-27 20:59:43,902 - INFO - sqlserver_db_connect - sqlserver 连接成功, DRIVER={SQL Server};SERVER=127.0.0.1,1433;DATABASE=master;UID=sa;PWD=123456;Connect Timeout=5;
2026-01-27 20:59:43,985 - INFO - sqlserver_db_connect - Successfully inserted 2 rows.
2026-01-27 20:59:43,991 - INFO - test - 导入成功，刷新列表
2026-01-27 20:59:44,055 - INFO - sqlserver_db_connect - Successfully inserted 6 rows.
2026-01-27 20:59:44,071 - INFO - test - 导入成功，刷新列表
2026-01-27 20:59:45,213 - INFO - scroll_window - sql：SELECT * FROM sys_export_record  ORDER BY id DESC LIMIT 10 OFFSET 0，list：10
2026-01-27 20:59:46,893 - INFO - scroll_window - sql：SELECT * FROM sys_export_record  ORDER BY id DESC LIMIT 10 OFFSET 0，list：10
2026-01-27 21:03:00,458 - INFO - scroll_window - sql：SELECT * FROM sys_export_record  ORDER BY id DESC LIMIT 10 OFFSET 0，list：10
2026-01-27 21:03:05,204 - INFO - test - 开始用友导入: {'id': 30, 'start_time': '2026-01-27 00:00:00', 'end_time': '2026-01-27 23:59:59', 'create_time': '2026-01-27 20:53:14', 'export_time': '2026-01-27 20:53:15', 'data_type': '门诊', 'export_num': '3', 'export_file_name': '门诊2026-01-27 00_00_00数据导出.xlsx', 'export_file_path': 'G:\\pythonProject\\hisToyy\\export_data\\门诊2026-01-27 00_00_00数据导出.xlsx', 'import_yy_start': '45', 'import_yy_num': 6, 'status': 4}
2026-01-27 21:03:05,214 - INFO - sqlserver_db_connect - DRIVER={SQL Server};SERVER=127.0.0.1,1433;DATABASE=master;UID=sa;PWD=123456;Connect Timeout=5;
2026-01-27 21:03:05,234 - INFO - sqlserver_db_connect - sqlserver 连接成功, DRIVER={SQL Server};SERVER=127.0.0.1,1433;DATABASE=master;UID=sa;PWD=123456;Connect Timeout=5;
2026-01-27 21:03:05,313 - INFO - sqlserver_db_connect - Successfully inserted 2 rows.
2026-01-27 21:03:05,319 - INFO - test - 导入成功，刷新列表
2026-01-27 21:03:05,381 - INFO - sqlserver_db_connect - Successfully inserted 6 rows.
2026-01-27 21:03:05,387 - INFO - test - 导入成功，刷新列表
2026-01-27 21:03:06,976 - INFO - scroll_window - sql：SELECT * FROM sys_export_record  ORDER BY id DESC LIMIT 10 OFFSET 0，list：10
2026-01-27 21:03:09,782 - INFO - scroll_window - sql：SELECT * FROM sys_export_record  ORDER BY id DESC LIMIT 10 OFFSET 0，list：10
2026-01-27 21:07:37,048 - INFO - scroll_window - sql：SELECT * FROM sys_export_record  ORDER BY id DESC LIMIT 10 OFFSET 0，list：10
2026-01-27 21:07:49,266 - INFO - test - 开始用友导入: {'id': 30, 'start_time': '2026-01-27 00:00:00', 'end_time': '2026-01-27 23:59:59', 'create_time': '2026-01-27 20:53:14', 'export_time': '2026-01-27 20:53:15', 'data_type': '门诊', 'export_num': '3', 'export_file_name': '门诊2026-01-27 00_00_00数据导出.xlsx', 'export_file_path': 'G:\\pythonProject\\hisToyy\\export_data\\门诊2026-01-27 00_00_00数据导出.xlsx', 'import_yy_start': '45', 'import_yy_num': 6, 'status': 4}
2026-01-27 21:07:49,277 - INFO - sqlserver_db_connect - DRIVER={SQL Server};SERVER=127.0.0.1,1433;DATABASE=master;UID=sa;PWD=123456;Connect Timeout=5;
2026-01-27 21:07:49,297 - INFO - sqlserver_db_connect - sqlserver 连接成功, DRIVER={SQL Server};SERVER=127.0.0.1,1433;DATABASE=master;UID=sa;PWD=123456;Connect Timeout=5;
2026-01-27 21:07:49,340 - INFO - sqlserver_db_connect - Successfully inserted 6 rows.
2026-01-27 21:07:49,343 - INFO - test - 导入成功，刷新列表
2026-01-27 21:07:51,217 - INFO - scroll_window - sql：SELECT * FROM sys_export_record  ORDER BY id DESC LIMIT 10 OFFSET 0，list：10
2026-01-27 21:12:15,870 - INFO - scroll_window - sql：SELECT * FROM sys_export_record  ORDER BY id DESC LIMIT 10 OFFSET 0，list：10
2026-01-27 21:12:17,808 - INFO - test - 开始his导出: 2026-01-27 00:00:00, 2026-01-27 23:59:59
2026-01-27 21:12:17,835 - INFO - scroll_window - sql：SELECT * FROM sys_export_record  ORDER BY id DESC LIMIT 10 OFFSET 0，list：10
2026-01-27 21:13:10,686 - INFO - scroll_window - sql：SELECT * FROM sys_export_record  ORDER BY id DESC LIMIT 10 OFFSET 0，list：10
2026-01-27 21:13:12,551 - INFO - test - 开始his导出: 2026-01-27 00:00:00, 2026-01-27 23:59:59
2026-01-27 21:13:12,579 - INFO - scroll_window - sql：SELECT * FROM sys_export_record  ORDER BY id DESC LIMIT 10 OFFSET 0，list：10
2026-01-27 22:23:52,934 - INFO - scroll_window - sql：SELECT * FROM sys_export_record  ORDER BY id DESC LIMIT 10 OFFSET 0，list：10
2026-01-28 13:54:05,278 - INFO - scroll_window - sql：SELECT * FROM sys_export_record  ORDER BY id DESC LIMIT 10 OFFSET 0，list：10
2026-01-28 13:54:07,395 - INFO - orcale_db_connect - (DESCRIPTION=
                         (ADDRESS=(PROTOCOL=TCP)(HOST=118.190.202.74)(PORT=1521))
                         (CONNECT_DATA=(SID=orcl))
                     )
2026-01-28 13:54:07,500 - INFO - orcale_db_connect - oracle 连接失败: ORA-12505: TNS:listener does not currently know of SID given in connect descriptor, (DESCRIPTION=
                         (ADDRESS=(PROTOCOL=TCP)(HOST=118.190.202.74)(PORT=1521))
                         (CONNECT_DATA=(SID=orcl))
                     )
2026-01-28 13:54:31,151 - INFO - scroll_window - sql：SELECT * FROM sys_export_record  ORDER BY id DESC LIMIT 10 OFFSET 0，list：10
2026-01-28 13:54:32,772 - INFO - orcale_db_connect - (DESCRIPTION=
                         (ADDRESS=(PROTOCOL=TCP)(HOST=118.190.202.74)(PORT=1521))
                         (CONNECT_DATA=(SID=EE))
                     )
2026-01-28 13:54:33,292 - INFO - orcale_db_connect - oracle 连接成功: (DESCRIPTION=
                         (ADDRESS=(PROTOCOL=TCP)(HOST=118.190.202.74)(PORT=1521))
                         (CONNECT_DATA=(SID=EE))
                     )
2026-01-28 20:22:22,373 - INFO - scroll_window - sql：SELECT * FROM sys_export_record  ORDER BY id DESC LIMIT 10 OFFSET 0，list：10
2026-01-28 20:22:52,155 - INFO - scroll_window - sql：SELECT * FROM sys_export_record  ORDER BY id DESC LIMIT 10 OFFSET 10，list：10
2026-01-28 20:22:52,179 - INFO - scroll_window - sql：SELECT * FROM sys_export_record  ORDER BY id DESC LIMIT 10 OFFSET 20，list：10
2026-01-28 20:22:52,200 - INFO - scroll_window - sql：SELECT * FROM sys_export_record  ORDER BY id DESC LIMIT 10 OFFSET 30，list：2
2026-01-28 20:30:39,060 - INFO - scroll_window - sql：SELECT * FROM sys_export_record  ORDER BY id DESC LIMIT 10 OFFSET 0，list：10
2026-01-28 20:32:05,099 - INFO - scroll_window - sql：SELECT * FROM sys_export_record  ORDER BY id DESC LIMIT 10 OFFSET 0，list：10
2026-01-28 20:34:20,094 - INFO - scroll_window - sql：SELECT * FROM sys_export_record  ORDER BY id DESC LIMIT 10 OFFSET 0，list：10
2026-01-28 20:34:20,094 - INFO - scroll_window - SQLite 查询错误: '门诊'
2026-01-28 20:35:00,616 - INFO - scroll_window - sql：SELECT * FROM sys_export_record  ORDER BY id DESC LIMIT 10 OFFSET 0，list：10
2026-01-28 20:35:02,642 - INFO - scroll_window - sql：SELECT * FROM sys_export_record  ORDER BY id DESC LIMIT 10 OFFSET 10，list：10
2026-01-28 20:35:02,997 - INFO - scroll_window - sql：SELECT * FROM sys_export_record  ORDER BY id DESC LIMIT 10 OFFSET 20，list：10
2026-01-29 20:20:33,876 - INFO - scroll_window - sql：SELECT * FROM sys_export_record  ORDER BY id DESC LIMIT 10 OFFSET 0，list：10
2026-01-29 20:20:36,899 - INFO - orcale_db_connect - (DESCRIPTION=
                         (ADDRESS=(PROTOCOL=TCP)(HOST=118.190.202.74)(PORT=1521))
                         (CONNECT_DATA=(SID=EE))
                     )
2026-01-29 20:20:37,333 - INFO - orcale_db_connect - oracle 连接成功: (DESCRIPTION=
                         (ADDRESS=(PROTOCOL=TCP)(HOST=118.190.202.74)(PORT=1521))
                         (CONNECT_DATA=(SID=EE))
                     )
2026-01-29 20:32:09,736 - INFO - scroll_window - sql：SELECT * FROM sys_export_record  ORDER BY id DESC LIMIT 10 OFFSET 0，list：10
2026-01-29 20:32:14,715 - INFO - orcale_db_connect - 
              (DESCRIPTION =
                (ADDRESS =(PROTOCOL=TCP)(HOST =118.190.202.74)(PORT=1521))
                (CONNECT_DATA=
                  (SERVER=DEDICATED)
                  (SERVICE_NAME=EE))
              )
2026-01-29 20:32:14,804 - INFO - orcale_db_connect - oracle 连接失败: ORA-12514: TNS:listener does not currently know of service requested in connect descriptor, 
              (DESCRIPTION =
                (ADDRESS =(PROTOCOL=TCP)(HOST =118.190.202.74)(PORT=1521))
                (CONNECT_DATA=
                  (SERVER=DEDICATED)
                  (SERVICE_NAME=EE))
              )
2026-01-29 20:43:38,916 - INFO - scroll_window - sql：SELECT * FROM sys_export_record  ORDER BY id DESC LIMIT 10 OFFSET 0，list：10
2026-01-29 20:43:41,210 - INFO - orcale_db_connect - client_path！G:\pythonProject\hisToyy\lib\instantclient_11_21
2026-01-29 20:43:41,231 - INFO - orcale_db_connect - 
              (DESCRIPTION =
                (ADDRESS =(PROTOCOL=TCP)(HOST =118.190.202.74)(PORT=1521))
                (CONNECT_DATA=
                  (SERVER=DEDICATED)
                  (SERVICE_NAME=EE))
              )
2026-01-29 20:43:41,326 - INFO - orcale_db_connect - oracle 连接失败: ORA-12514: TNS:listener does not currently know of service requested in connect descriptor, 
              (DESCRIPTION =
                (ADDRESS =(PROTOCOL=TCP)(HOST =118.190.202.74)(PORT=1521))
                (CONNECT_DATA=
                  (SERVER=DEDICATED)
                  (SERVICE_NAME=EE))
              )
2026-01-29 21:39:05,477 - INFO - scroll_window - sql：SELECT * FROM sys_export_record  ORDER BY id DESC LIMIT 10 OFFSET 0，list：10
